{"level":"info","message":"Server started on port 3000","timestamp":"2026-05-05T15:28:20.897Z"}
{"level":"info","message":"Server started on port 3000","timestamp":"2026-05-05T15:38:02.967Z"}
{"level":"info","message":"Server started on port 3000","timestamp":"2026-05-05T15:38:21.473Z"}
{"level":"info","message":"Server started on port 3000","timestamp":"2026-05-05T15:39:47.999Z"}
{"level":"info","message":"Server started on port 3000","timestamp":"2026-05-05T15:40:10.109Z"}
{"level":"info","message":"GET / - 4ms","timestamp":"2026-05-05T15:54:11.604Z"}
{"level":"info","message":"Server started on port 3000","timestamp":"2026-05-05T16:04:35.665Z"}
{"level":"info","message":"DELETE /me - 2ms","timestamp":"2026-05-05T16:04:45.633Z"}
{"level":"error","message":"Unexpected field","method":"POST","stack":"MulterError: Unexpected field\n    at wrappedFileFilter (C:\\Users\\user\\Pictures\\WEB_LAbs\\appWeb-MELTRIX\\--31_appWEB-MELTRIX-Shafinskiy_Yaroslav-FIOT-2025-\\node_modules\\multer\\index.js:41:19)\n    at Multipart.<anonymous> (C:\\Users\\user\\Pictures\\WEB_LAbs\\appWeb-MELTRIX\\--31_appWEB-MELTRIX-Shafinskiy_Yaroslav-FIOT-2025-\\node_modules\\multer\\lib\\make-middleware.js:183:7)\n    at Multipart.emit (node:events:524:28)\n    at HeaderParser.cb (C:\\Users\\user\\Pictures\\WEB_LAbs\\appWeb-MELTRIX\\--31_appWEB-MELTRIX-Shafinskiy_Yaroslav-FIOT-2025-\\node_modules\\busboy\\lib\\types\\multipart.js:358:14)\n    at HeaderParser.push (C:\\Users\\user\\Pictures\\WEB_LAbs\\appWeb-MELTRIX\\--31_appWEB-MELTRIX-Shafinskiy_Yaroslav-FIOT-2025-\\node_modules\\busboy\\lib\\types\\multipart.js:162:20)\n    at SBMH.ssCb [as _cb] (C:\\Users\\user\\Pictures\\WEB_LAbs\\appWeb-MELTRIX\\--31_appWEB-MELTRIX-Shafinskiy_Yaroslav-FIOT-2025-\\node_modules\\busboy\\lib\\types\\multipart.js:394:37)\n    at feed (C:\\Users\\user\\Pictures\\WEB_LAbs\\appWeb-MELTRIX\\--31_appWEB-MELTRIX-Shafinskiy_Yaroslav-FIOT-2025-\\node_modules\\streamsearch\\lib\\sbmh.js:200:10)\n    at SBMH.push (C:\\Users\\user\\Pictures\\WEB_LAbs\\appWeb-MELTRIX\\--31_appWEB-MELTRIX-Shafinskiy_Yaroslav-FIOT-2025-\\node_modules\\streamsearch\\lib\\sbmh.js:104:16)\n    at Multipart._write (C:\\Users\\user\\Pictures\\WEB_LAbs\\appWeb-MELTRIX\\--31_appWEB-MELTRIX-Shafinskiy_Yaroslav-FIOT-2025-\\node_modules\\busboy\\lib\\types\\multipart.js:567:19)\n    at writeOrBuffer (node:internal/streams/writable:572:12)","timestamp":"2026-05-05T16:11:05.720Z","url":"/api/upload/multiple"}
{"level":"error","message":"Invalid file type","method":"POST","stack":"Error: Invalid file type\n    at fileFilter (C:\\Users\\user\\Pictures\\WEB_LAbs\\appWeb-MELTRIX\\--31_appWEB-MELTRIX-Shafinskiy_Yaroslav-FIOT-2025-\\src\\middleware\\upload.middleware.js:19:11)\n    at wrappedFileFilter (C:\\Users\\user\\Pictures\\WEB_LAbs\\appWeb-MELTRIX\\--31_appWEB-MELTRIX-Shafinskiy_Yaroslav-FIOT-2025-\\node_modules\\multer\\index.js:45:7)\n    at Multipart.<anonymous> (C:\\Users\\user\\Pictures\\WEB_LAbs\\appWeb-MELTRIX\\--31_appWEB-MELTRIX-Shafinskiy_Yaroslav-FIOT-2025-\\node_modules\\multer\\lib\\make-middleware.js:183:7)\n    at Multipart.emit (node:events:524:28)\n    at HeaderParser.cb (C:\\Users\\user\\Pictures\\WEB_LAbs\\appWeb-MELTRIX\\--31_appWEB-MELTRIX-Shafinskiy_Yaroslav-FIOT-2025-\\node_modules\\busboy\\lib\\types\\multipart.js:358:14)\n    at HeaderParser.push (C:\\Users\\user\\Pictures\\WEB_LAbs\\appWeb-MELTRIX\\--31_appWEB-MELTRIX-Shafinskiy_Yaroslav-FIOT-2025-\\node_modules\\busboy\\lib\\types\\multipart.js:162:20)\n    at SBMH.ssCb [as _cb] (C:\\Users\\user\\Pictures\\WEB_LAbs\\appWeb-MELTRIX\\--31_appWEB-MELTRIX-Shafinskiy_Yaroslav-FIOT-2025-\\node_modules\\busboy\\lib\\types\\multipart.js:394:37)\n    at feed (C:\\Users\\user\\Pictures\\WEB_LAbs\\appWeb-MELTRIX\\--31_appWEB-MELTRIX-Shafinskiy_Yaroslav-FIOT-2025-\\node_modules\\streamsearch\\lib\\sbmh.js:200:10)\n    at SBMH.push (C:\\Users\\user\\Pictures\\WEB_LAbs\\appWeb-MELTRIX\\--31_appWEB-MELTRIX-Shafinskiy_Yaroslav-FIOT-2025-\\node_modules\\streamsearch\\lib\\sbmh.js:104:16)\n    at Multipart._write (C:\\Users\\user\\Pictures\\WEB_LAbs\\appWeb-MELTRIX\\--31_appWEB-MELTRIX-Shafinskiy_Yaroslav-FIOT-2025-\\node_modules\\busboy\\lib\\types\\multipart.js:567:19)","timestamp":"2026-05-05T16:13:57.378Z","url":"/api/upload/multiple"}
{"level":"info","message":"POST /status - 3ms","timestamp":"2026-05-05T16:15:03.154Z"}
{"level":"info","message":"GET /status - 1ms","timestamp":"2026-05-05T16:15:08.736Z"}
{"level":"info","message":"DELETE /me - 1ms","timestamp":"2026-05-05T16:21:10.313Z"}
{"level":"info","message":"GET / - 8ms","timestamp":"2026-05-05T16:44:00.683Z"}
{"level":"info","message":"GET /favicon.ico - 5ms","timestamp":"2026-05-05T16:46:31.880Z"}
{"level":"info","message":"GET http://ip-api.com/json/ - 21ms","timestamp":"2026-05-05T17:44:36.035Z"}
{"level":"info","message":"GET / - 26ms","timestamp":"2026-05-05T19:15:51.017Z"}
{"level":"info","message":"GET / - 3ms","timestamp":"2026-05-05T19:25:50.933Z"}
{"level":"info","message":"GET / - 28ms","timestamp":"2026-05-05T20:43:59.686Z"}
{"level":"info","message":"GET /favicon.ico - 5ms","timestamp":"2026-05-05T20:43:59.755Z"}
{"level":"info","message":"GET / - 36ms","timestamp":"2026-05-06T06:42:27.334Z"}
{"level":"info","message":"GET / - 3ms","timestamp":"2026-05-06T06:42:27.349Z"}
{"level":"info","message":"GET / - 1ms","timestamp":"2026-05-06T06:42:27.363Z"}
{"level":"info","message":"GET / - 1ms","timestamp":"2026-05-06T06:42:27.368Z"}
{"level":"info","message":"GET / - 2ms","timestamp":"2026-05-06T06:42:27.371Z"}
{"level":"info","message":"GET / - 1ms","timestamp":"2026-05-06T07:01:29.458Z"}
{"level":"info","message":"GET / - 24ms","timestamp":"2026-05-06T09:12:16.214Z"}
{"level":"info","message":"POST / - 16ms","timestamp":"2026-05-06T13:17:16.780Z"}
{"level":"info","message":"POST /_next - 11ms","timestamp":"2026-05-06T13:17:19.276Z"}
{"level":"info","message":"POST /api - 0ms","timestamp":"2026-05-06T13:17:20.355Z"}
{"level":"info","message":"POST /_next/server - 2ms","timestamp":"2026-05-06T13:17:21.542Z"}
{"level":"info","message":"POST /app - 8ms","timestamp":"2026-05-06T13:17:22.230Z"}
{"level":"info","message":"POST /api/route - 13ms","timestamp":"2026-05-06T13:17:22.763Z"}
{"level":"info","message":"GET / - 26ms","timestamp":"2026-05-06T13:45:29.514Z"}
{"level":"info","message":"GET / - 27ms","timestamp":"2026-05-06T14:48:15.676Z"}
{"level":"info","message":"GET / - 28ms","timestamp":"2026-05-06T15:27:49.706Z"}
{"level":"info","message":"GET http://ip-api.com/json/ - 9ms","timestamp":"2026-05-06T15:33:09.971Z"}
{"level":"info","message":"GET / - 2ms","timestamp":"2026-05-06T18:58:53.909Z"}
{"level":"info","message":"GET / - 35ms","timestamp":"2026-05-06T19:45:22.193Z"}
{"level":"info","message":"GET /api/v1/users/search - 8ms","timestamp":"2026-05-06T19:51:52.396Z"}
{"level":"info","message":"GET / - 40ms","timestamp":"2026-05-06T20:21:22.097Z"}
{"level":"info","message":"GET / - 35ms","timestamp":"2026-05-06T20:41:07.563Z"}
{"level":"info","message":"GET / - 63ms","timestamp":"2026-05-07T05:39:47.867Z"}
{"level":"info","message":"GET / - 2ms","timestamp":"2026-05-07T05:39:47.912Z"}
{"level":"info","message":"GET / - 7ms","timestamp":"2026-05-07T05:39:47.920Z"}
{"level":"info","message":"GET / - 2ms","timestamp":"2026-05-07T05:39:47.932Z"}
{"level":"info","message":"GET / - 2ms","timestamp":"2026-05-07T05:39:47.934Z"}
{"level":"info","message":"GET / - 33ms","timestamp":"2026-05-07T06:21:25.537Z"}
{"level":"info","message":"GET / - 2ms","timestamp":"2026-05-07T06:34:40.866Z"}
{"level":"info","message":"GET /favicon.ico - 8ms","timestamp":"2026-05-07T06:35:46.717Z"}
{"level":"info","message":"GET /login - 7ms","timestamp":"2026-05-07T07:37:59.247Z"}
{"level":"info","message":"GET / - 6ms","timestamp":"2026-05-07T07:38:28.726Z"}
{"level":"info","message":"GET / - 1ms","timestamp":"2026-05-07T07:38:29.502Z"}
{"level":"info","message":"GET /favicon.ico - 0ms","timestamp":"2026-05-07T07:38:30.083Z"}
{"level":"info","message":"GET /dispatch.asp - 25ms","timestamp":"2026-05-07T12:13:16.934Z"}
{"level":"info","message":"GET / - 38ms","timestamp":"2026-05-07T15:59:41.615Z"}
{"level":"info","message":"GET / - 27ms","timestamp":"2026-05-07T17:10:31.813Z"}
{"level":"info","message":"GET / - 1ms","timestamp":"2026-05-07T17:10:41.556Z"}
{"level":"info","message":"GET /favicon.ico - 5ms","timestamp":"2026-05-07T17:10:42.660Z"}
{"level":"info","message":"GET /security.txt - 1ms","timestamp":"2026-05-07T17:10:46.967Z"}
{"level":"info","message":"GET / - 52ms","timestamp":"2026-05-07T21:40:14.953Z"}
{"level":"info","message":"GET / - 11ms","timestamp":"2026-05-07T21:40:14.987Z"}
{"level":"info","message":"GET / - 38ms","timestamp":"2026-05-08T07:27:39.052Z"}
{"level":"info","message":"GET / - 2ms","timestamp":"2026-05-08T07:27:39.068Z"}
{"level":"info","message":"GET / - 1ms","timestamp":"2026-05-08T07:27:39.070Z"}
{"level":"info","message":"GET / - 1ms","timestamp":"2026-05-08T07:27:39.072Z"}
{"level":"info","message":"GET / - 2ms","timestamp":"2026-05-08T07:27:39.081Z"}
{"level":"info","message":"GET / - 1ms","timestamp":"2026-05-08T07:27:39.083Z"}
{"level":"info","message":"GET / - 72ms","timestamp":"2026-05-08T09:27:05.115Z"}
{"level":"info","message":"GET /dispatch.asp - 19ms","timestamp":"2026-05-08T10:08:15.049Z"}
{"level":"info","message":"GET / - 37ms","timestamp":"2026-05-08T11:32:02.986Z"}
{"level":"info","message":"POST / - 26ms","timestamp":"2026-05-08T13:08:05.512Z"}
{"level":"info","message":"POST /_next - 2ms","timestamp":"2026-05-08T13:08:07.284Z"}
{"level":"info","message":"POST /api - 6ms","timestamp":"2026-05-08T13:08:08.273Z"}
{"level":"info","message":"POST /_next/server - 1ms","timestamp":"2026-05-08T13:08:09.500Z"}
{"level":"info","message":"POST /app - 1ms","timestamp":"2026-05-08T13:08:10.231Z"}
{"level":"info","message":"POST /api/route - 0ms","timestamp":"2026-05-08T13:08:10.814Z"}
{"level":"info","message":"GET http://ip-api.com/json/ - 3ms","timestamp":"2026-05-08T15:08:31.930Z"}
{"level":"info","message":"GET / - 13ms","timestamp":"2026-05-08T15:30:33.588Z"}
{"level":"info","message":"GET / - 56ms","timestamp":"2026-05-08T18:32:57.585Z"}
{"level":"info","message":"GET / - 48ms","timestamp":"2026-05-08T18:32:57.688Z"}
{"level":"info","message":"GET / - 1ms","timestamp":"2026-05-08T18:32:57.724Z"}
{"level":"info","message":"GET / - 68ms","timestamp":"2026-05-08T18:32:58.540Z"}
{"level":"info","message":"GET / - 1ms","timestamp":"2026-05-08T18:32:58.542Z"}
{"level":"info","message":"GET / - 32ms","timestamp":"2026-05-08T18:32:58.575Z"}
{"level":"info","message":"GET / - 28ms","timestamp":"2026-05-08T19:31:04.100Z"}
{"level":"info","message":"GET / - 1ms","timestamp":"2026-05-08T19:40:19.981Z"}
{"level":"info","message":"GET / - 30ms","timestamp":"2026-05-08T20:21:46.579Z"}
{"level":"info","message":"GET / - 2ms","timestamp":"2026-05-08T20:21:49.755Z"}
{"level":"info","message":"GET /favicon.ico - 8ms","timestamp":"2026-05-08T20:21:49.851Z"}
{"level":"info","message":"GET /dispatch.asp - 1ms","timestamp":"2026-05-08T20:23:52.861Z"}
{"level":"info","message":"GET / - 1ms","timestamp":"2026-05-08T20:24:26.209Z"}
{"level":"info","message":"GET / - 0ms","timestamp":"2026-05-08T20:38:37.650Z"}
{"level":"info","message":"GET / - 16ms","timestamp":"2026-05-08T21:02:44.119Z"}
{"level":"info","message":"GET / - 0ms","timestamp":"2026-05-08T21:02:53.530Z"}
{"level":"info","message":"GET /favicon.ico - 4ms","timestamp":"2026-05-08T21:02:54.114Z"}
{"level":"info","message":"GET /security.txt - 1ms","timestamp":"2026-05-08T21:02:59.242Z"}
{"level":"info","message":"GET / - 21ms","timestamp":"2026-05-09T06:53:22.156Z"}
{"level":"info","message":"GET / - 31ms","timestamp":"2026-05-09T06:53:22.190Z"}
{"level":"info","message":"GET / - 23ms","timestamp":"2026-05-09T06:53:22.236Z"}
{"level":"info","message":"GET / - 1ms","timestamp":"2026-05-09T06:53:22.238Z"}
{"level":"info","message":"GET / - 1ms","timestamp":"2026-05-09T06:53:22.282Z"}
{"level":"info","message":"GET / - 11ms","timestamp":"2026-05-09T06:53:22.302Z"}
{"level":"info","message":"GET / - 1ms","timestamp":"2026-05-09T06:53:22.307Z"}
{"level":"info","message":"GET / - 3ms","timestamp":"2026-05-09T06:53:22.319Z"}
{"level":"info","message":"GET / - 1ms","timestamp":"2026-05-09T06:53:22.320Z"}
{"level":"info","message":"GET / - 1ms","timestamp":"2026-05-09T06:53:22.323Z"}
{"level":"info","message":"GET /dispatch.asp - 1ms","timestamp":"2026-05-09T06:54:29.620Z"}
{"level":"info","message":"GET / - 0ms","timestamp":"2026-05-09T07:09:37.699Z"}
{"level":"info","message":"GET / - 0ms","timestamp":"2026-05-09T07:10:51.725Z"}
{"level":"info","message":"GET http://proxy.flarevpn.digital:8080/judge - 27ms","timestamp":"2026-05-09T09:42:46.858Z"}
{"level":"info","message":"GET http://proxy.flarevpn.digital:8080/judge - 0ms","timestamp":"2026-05-09T09:42:46.891Z"}
{"level":"info","message":"GET / - 63ms","timestamp":"2026-05-09T19:56:41.395Z"}
{"level":"info","message":"GET / - 6ms","timestamp":"2026-05-09T19:56:41.420Z"}
{"level":"info","message":"GET / - 6ms","timestamp":"2026-05-09T19:56:41.427Z"}
{"level":"info","message":"GET / - 1ms","timestamp":"2026-05-09T19:56:41.432Z"}
{"level":"info","message":"GET / - 4ms","timestamp":"2026-05-09T19:56:41.441Z"}
{"level":"info","message":"GET / - 2ms","timestamp":"2026-05-09T19:56:41.468Z"}
{"level":"info","message":"GET / - 43ms","timestamp":"2026-05-10T10:15:07.243Z"}
{"level":"info","message":"GET / - 2ms","timestamp":"2026-05-10T10:15:07.269Z"}
{"level":"info","message":"GET / - 3ms","timestamp":"2026-05-10T10:15:07.274Z"}
{"level":"info","message":"GET / - 3ms","timestamp":"2026-05-10T10:15:07.282Z"}
{"level":"info","message":"GET / - 1ms","timestamp":"2026-05-10T10:15:07.286Z"}
{"level":"info","message":"GET / - 3ms","timestamp":"2026-05-10T10:15:07.292Z"}
{"level":"info","message":"GET / - 4ms","timestamp":"2026-05-10T10:15:07.296Z"}
{"level":"info","message":"GET / - 2ms","timestamp":"2026-05-10T10:15:07.321Z"}
{"level":"info","message":"GET / - 1ms","timestamp":"2026-05-10T10:15:07.323Z"}
{"level":"info","message":"GET / - 0ms","timestamp":"2026-05-10T10:15:07.324Z"}
{"level":"info","message":"GET / - 1ms","timestamp":"2026-05-10T10:15:07.326Z"}
{"level":"info","message":"GET / - 1ms","timestamp":"2026-05-10T10:15:07.332Z"}
{"level":"info","message":"GET / - 5ms","timestamp":"2026-05-10T10:15:07.338Z"}
{"level":"info","message":"GET / - 1ms","timestamp":"2026-05-10T10:15:07.365Z"}
{"level":"info","message":"GET / - 1ms","timestamp":"2026-05-10T10:15:07.370Z"}
{"level":"info","message":"GET / - 1ms","timestamp":"2026-05-10T10:15:07.372Z"}
{"level":"info","message":"GET / - 1ms","timestamp":"2026-05-10T10:15:07.375Z"}
{"level":"info","message":"GET / - 0ms","timestamp":"2026-05-10T10:15:07.377Z"}
{"level":"info","message":"GET / - 0ms","timestamp":"2026-05-10T10:15:07.380Z"}
{"level":"info","message":"GET / - 0ms","timestamp":"2026-05-10T10:15:07.382Z"}
{"level":"info","message":"GET / - 1ms","timestamp":"2026-05-10T10:15:07.384Z"}
{"level":"info","message":"POST / - 18ms","timestamp":"2026-05-10T10:34:09.110Z"}
{"level":"info","message":"POST /_next - 1ms","timestamp":"2026-05-10T10:34:10.274Z"}
{"level":"info","message":"POST /api - 1ms","timestamp":"2026-05-10T10:34:11.415Z"}
{"level":"info","message":"POST /_next/server - 2ms","timestamp":"2026-05-10T10:34:12.185Z"}
{"level":"info","message":"POST /app - 1ms","timestamp":"2026-05-10T10:34:13.161Z"}
{"level":"info","message":"POST /api/route - 1ms","timestamp":"2026-05-10T10:34:13.797Z"}
{"level":"info","message":"GET / - 47ms","timestamp":"2026-05-10T13:24:59.801Z"}
{"level":"info","message":"GET / - 1ms","timestamp":"2026-05-10T13:24:59.852Z"}
{"level":"info","message":"GET / - 2ms","timestamp":"2026-05-10T13:24:59.856Z"}
{"level":"info","message":"GET / - 1ms","timestamp":"2026-05-10T13:24:59.858Z"}
{"level":"info","message":"GET / - 2ms","timestamp":"2026-05-10T13:25:03.392Z"}
{"level":"info","message":"GET /favicon.ico - 2ms","timestamp":"2026-05-10T13:25:03.484Z"}
{"level":"info","message":"GET / - 37ms","timestamp":"2026-05-10T16:59:45.302Z"}
{"level":"info","message":"GET / - 2ms","timestamp":"2026-05-10T16:59:45.320Z"}
{"level":"info","message":"GET / - 1ms","timestamp":"2026-05-10T16:59:45.322Z"}
{"level":"info","message":"GET / - 1ms","timestamp":"2026-05-10T16:59:45.326Z"}
{"level":"info","message":"GET / - 27ms","timestamp":"2026-05-10T17:19:27.111Z"}
{"level":"info","message":"GET / - 3ms","timestamp":"2026-05-10T17:36:27.153Z"}
{"level":"info","message":"GET /favicon.ico - 7ms","timestamp":"2026-05-10T17:36:33.797Z"}
{"level":"info","message":"GET /sitemap.xml - 1ms","timestamp":"2026-05-10T17:36:55.135Z"}
{"level":"info","message":"GET /dispatch.asp - 26ms","timestamp":"2026-05-10T18:52:36.766Z"}
{"level":"info","message":"GET / - 83ms","timestamp":"2026-05-11T19:46:02.784Z"}
{"level":"info","message":"GET / - 5ms","timestamp":"2026-05-11T19:46:02.821Z"}
{"level":"info","message":"GET / - 1ms","timestamp":"2026-05-11T19:46:02.854Z"}
{"level":"info","message":"GET / - 1ms","timestamp":"2026-05-11T19:46:02.857Z"}
{"level":"info","message":"GET / - 1ms","timestamp":"2026-05-11T19:46:02.859Z"}
{"level":"info","message":"GET / - 1ms","timestamp":"2026-05-11T19:46:02.861Z"}
{"level":"info","message":"GET / - 36ms","timestamp":"2026-05-11T19:46:02.897Z"}
{"level":"info","message":"GET / - 1ms","timestamp":"2026-05-11T19:46:02.910Z"}
{"level":"info","message":"GET / - 1ms","timestamp":"2026-05-11T19:46:02.914Z"}
{"level":"info","message":"GET / - 1ms","timestamp":"2026-05-11T19:46:02.916Z"}
{"level":"info","message":"GET / - 33ms","timestamp":"2026-05-11T19:46:02.952Z"}
{"level":"info","message":"GET / - 4ms","timestamp":"2026-05-11T19:46:02.969Z"}
{"level":"info","message":"GET / - 1ms","timestamp":"2026-05-11T19:46:03.011Z"}
{"level":"info","message":"GET / - 2ms","timestamp":"2026-05-11T19:46:03.014Z"}
{"level":"info","message":"GET / - 1ms","timestamp":"2026-05-11T19:46:03.017Z"}
{"level":"info","message":"GET / - 1ms","timestamp":"2026-05-11T19:46:06.237Z"}
{"level":"info","message":"GET /favicon.ico - 3ms","timestamp":"2026-05-11T19:46:06.304Z"}
{"level":"info","message":"GET /dispatch.asp - 5ms","timestamp":"2026-05-11T19:52:20.224Z"}
{"level":"info","message":"GET /favicon.ico - 10ms","timestamp":"2026-05-11T20:05:55.590Z"}
